DEBUG:root:Index(['idm', 'idf', 'idxf', 'aidxf', 'mol_perc', 'mol', 'mol_frag'], dtype='object')
DEBUG:root:================================================================================
DEBUG:root:Classifying m=fsp, f1=QA:0, f2=QB:0
DEBUG:root:cuttoff: 3
DEBUG:root:aidx_fused: frozenset({2})
DEBUG:root:Classification: fsp
DEBUG:root:================================================================================
DEBUG:root:Now cleaning fragment combinations
DEBUG:root:Removing cutoff connections from fragment combinations
DEBUG:root:Number of remaining fragment combinations: 1/1
DEBUG:root:Removing substructures from fragment combinations
DEBUG:root:Number of substructures found in df_fcc: 0/1
DEBUG:root:Index(['idm', 'idf', 'idxf', 'aidxf', 'mol_perc', 'mol', 'mol_frag'], dtype='object')
DEBUG:root:================================================================================
DEBUG:root:Classifying m=fed, f1=QA:0, f2=QB:0
DEBUG:root:cuttoff: 3
DEBUG:root:aidx_fused: frozenset({2, 7})
DEBUG:root:Classification: fed
DEBUG:root:================================================================================
DEBUG:root:Now cleaning fragment combinations
DEBUG:root:Removing cutoff connections from fragment combinations
DEBUG:root:Number of remaining fragment combinations: 1/1
DEBUG:root:Removing substructures from fragment combinations
DEBUG:root:Number of substructures found in df_fcc: 0/1
DEBUG:root:Index(['idm', 'idf', 'idxf', 'aidxf', 'mol_perc', 'mol', 'mol_frag'], dtype='object')
DEBUG:root:================================================================================
DEBUG:root:Classifying m=fbr, f1=QA:0, f2=QB:0
DEBUG:root:cuttoff: 3
DEBUG:root:aidx_fused: frozenset({2, 3, 4})
DEBUG:root:Classification: fbr
DEBUG:root:================================================================================
DEBUG:root:Now cleaning fragment combinations
DEBUG:root:Removing cutoff connections from fragment combinations
DEBUG:root:Number of remaining fragment combinations: 1/1
DEBUG:root:Removing substructures from fragment combinations
DEBUG:root:Number of substructures found in df_fcc: 0/1
DEBUG:root:Index(['idm', 'idf', 'idxf', 'aidxf', 'mol_perc', 'mol', 'mol_frag'], dtype='object')
DEBUG:root:================================================================================
DEBUG:root:Classifying m=cmo, f1=QA:0, f2=QB:0
DEBUG:root:cuttoff: 3
DEBUG:root:aidx_fused: frozenset()
DEBUG:root:category: connection
DEBUG:root:shortest_path_between_frags: n=0 (2, 5)
DEBUG:root:Classification: cmo
DEBUG:root:================================================================================
DEBUG:root:Now cleaning fragment combinations
DEBUG:root:Removing cutoff connections from fragment combinations
DEBUG:root:Number of remaining fragment combinations: 1/1
DEBUG:root:Removing substructures from fragment combinations
DEBUG:root:Number of substructures found in df_fcc: 0/1
DEBUG:root:Index(['idm', 'idf', 'idxf', 'aidxf', 'mol_perc', 'mol', 'mol_frag'], dtype='object')
DEBUG:root:================================================================================
DEBUG:root:Classifying m=cbs, f1=QA:0, f2=QB:0
DEBUG:root:cuttoff: 3
DEBUG:root:aidx_fused: frozenset()
DEBUG:root:category: connection
DEBUG:root:shortest_path_between_frags: n=0 (8, 2)
DEBUG:root:IR_000: {0, 1, 2, 8, 12}
DEBUG:root:len(intermediary_rings)= 1
DEBUG:root:Iterating over remaining IR (new ids and will continue iteration only if subtype=edge):
DEBUG:root:IR_000: {0, 1, 2, 8, 12}
DEBUG:root:intersect_1: {8, 12} (2), intersect_2: {2} (1)
DEBUG:root:Classification: cbs
DEBUG:root:================================================================================
DEBUG:root:Now cleaning fragment combinations
DEBUG:root:Removing cutoff connections from fragment combinations
DEBUG:root:Number of remaining fragment combinations: 1/1
DEBUG:root:Removing substructures from fragment combinations
DEBUG:root:Number of substructures found in df_fcc: 0/1
DEBUG:root:Index(['idm', 'idf', 'idxf', 'aidxf', 'mol_perc', 'mol', 'mol_frag'], dtype='object')
DEBUG:root:================================================================================
DEBUG:root:Classifying m=cbe, f1=QA:0, f2=QB:0
DEBUG:root:cuttoff: 3
DEBUG:root:aidx_fused: frozenset()
DEBUG:root:category: connection
DEBUG:root:shortest_path_between_frags: n=0 (3, 12)
DEBUG:root:IR_000: {3, 4, 5, 6, 7, 12}
DEBUG:root:len(intermediary_rings)= 1
DEBUG:root:Iterating over remaining IR (new ids and will continue iteration only if subtype=edge):
DEBUG:root:IR_000: {3, 4, 5, 6, 7, 12}
DEBUG:root:intersect_1: {3, 4} (2), intersect_2: {12, 7} (2)
DEBUG:root:Classification: cbe
DEBUG:root:================================================================================
DEBUG:root:Now cleaning fragment combinations
DEBUG:root:Removing cutoff connections from fragment combinations
DEBUG:root:Number of remaining fragment combinations: 1/1
DEBUG:root:Removing substructures from fragment combinations
DEBUG:root:Number of substructures found in df_fcc: 0/1
DEBUG:root:Index(['idm', 'idf', 'idxf', 'aidxf', 'mol_perc', 'mol', 'mol_frag'], dtype='object')
DEBUG:root:================================================================================
DEBUG:root:Classifying m=cbb, f1=QA:0, f2=QB:0
DEBUG:root:cuttoff: 3
DEBUG:root:aidx_fused: frozenset()
DEBUG:root:category: connection
DEBUG:root:shortest_path_between_frags: n=0 (2, 10)
DEBUG:root:IR_000: {2, 3, 4, 5, 10}
DEBUG:root:len(intermediary_rings)= 1
DEBUG:root:Iterating over remaining IR (new ids and will continue iteration only if subtype=edge):
DEBUG:root:IR_000: {2, 3, 4, 5, 10}
DEBUG:root:intersect_1: {2, 3, 4} (3), intersect_2: {10, 5} (2)
DEBUG:root:Classification: cbb
DEBUG:root:================================================================================
DEBUG:root:Now cleaning fragment combinations
DEBUG:root:Removing cutoff connections from fragment combinations
DEBUG:root:Number of remaining fragment combinations: 1/1
DEBUG:root:Removing substructures from fragment combinations
DEBUG:root:Number of substructures found in df_fcc: 0/1
DEBUG:root:Index(['idm', 'idf', 'idxf', 'aidxf', 'mol_perc', 'mol', 'mol_frag'], dtype='object')
DEBUG:root:================================================================================
DEBUG:root:Classifying m=cts, f1=QA:0, f2=QB:0
DEBUG:root:cuttoff: 3
DEBUG:root:aidx_fused: frozenset()
DEBUG:root:category: connection
DEBUG:root:shortest_path_between_frags: n=0 (13, 12)
DEBUG:root:IR_000: {0, 1, 12, 13}
DEBUG:root:IR_001: {4, 5, 6, 7, 12, 13}
DEBUG:root:len(intermediary_rings)= 2
DEBUG:root:Iterating over remaining IR (new ids and will continue iteration only if subtype=edge):
DEBUG:root:IR_000: {0, 1, 12, 13}
DEBUG:root:intersect_1: {1, 13} (2), intersect_2: {12} (1)
DEBUG:root:Classification: cts
DEBUG:root:================================================================================
DEBUG:root:Now cleaning fragment combinations
DEBUG:root:Removing cutoff connections from fragment combinations
DEBUG:root:Number of remaining fragment combinations: 1/1
DEBUG:root:Removing substructures from fragment combinations
DEBUG:root:Number of substructures found in df_fcc: 0/1
DEBUG:root:Index(['idm', 'idf', 'idxf', 'aidxf', 'mol_perc', 'mol', 'mol_frag'], dtype='object')
DEBUG:root:================================================================================
DEBUG:root:Classifying m=cte, f1=QA:0, f2=QB:0
DEBUG:root:cuttoff: 3
DEBUG:root:aidx_fused: frozenset()
DEBUG:root:category: connection
DEBUG:root:shortest_path_between_frags: n=0 (13, 14)
DEBUG:root:IR_000: {2, 3, 4, 5, 13, 14}
DEBUG:root:IR_001: {9, 10, 11, 12, 13, 14}
DEBUG:root:IR to check with size=6: IR_000, IR_001
DEBUG:root:SSSR_000: {0, 1, 2, 12, 13}
DEBUG:root:SSSR_001: {2, 3, 4, 5, 13, 14}
DEBUG:root:SSSR_002: {5, 6, 7, 8, 9, 14}
DEBUG:root:SSSR_003: {9, 10, 11, 12, 13, 14}
DEBUG:root:Comparing IR_000 and IR_001
DEBUG:root:Variant atom indices: {2, 3, 4, 5, 9, 10, 11, 12}
DEBUG:root:Possible combination: (2, 3, 3, 4)
DEBUG:root:Possible combination: (2, 3, 4, 5)
DEBUG:root:Possible combination: (2, 3, 9, 10)
DEBUG:root:Possible combination: (2, 3, 10, 11)
DEBUG:root:Possible combination: (2, 3, 11, 12)
DEBUG:root:Possible combination: (3, 4, 4, 5)
DEBUG:root:Possible combination: (3, 4, 9, 10)
DEBUG:root:Possible combination: (3, 4, 10, 11)
DEBUG:root:Possible combination: (3, 4, 11, 12)
DEBUG:root:Possible combination: (4, 5, 9, 10)
DEBUG:root:Possible combination: (4, 5, 10, 11)
DEBUG:root:Possible combination: (4, 5, 11, 12)
DEBUG:root:Possible combination: (9, 10, 10, 11)
DEBUG:root:Possible combination: (9, 10, 11, 12)
DEBUG:root:Possible combination: (10, 11, 11, 12)
DEBUG:root:IR to remove for n=6: 
DEBUG:root:Total IR to remove: 
DEBUG:root:Number of remaining_ir: 2
DEBUG:root:len(intermediary_rings)= 2
DEBUG:root:Iterating over remaining IR (new ids and will continue iteration only if subtype=edge):
DEBUG:root:IR_000: {2, 3, 4, 5, 13, 14}
DEBUG:root:intersect_1: {2, 13} (2), intersect_2: {5, 14} (2)
DEBUG:root:IR_001: {9, 10, 11, 12, 13, 14}
DEBUG:root:intersect_1: {12, 13} (2), intersect_2: {9, 14} (2)
DEBUG:root:Classification: cte
DEBUG:root:================================================================================
DEBUG:root:Now cleaning fragment combinations
DEBUG:root:Removing cutoff connections from fragment combinations
DEBUG:root:Number of remaining fragment combinations: 1/1
DEBUG:root:Removing substructures from fragment combinations
DEBUG:root:Number of substructures found in df_fcc: 0/1
DEBUG:root:Index(['idm', 'idf', 'idxf', 'aidxf', 'mol_perc', 'mol', 'mol_frag'], dtype='object')
DEBUG:root:================================================================================
DEBUG:root:Classifying m=ctb, f1=QA:0, f2=QB:0
DEBUG:root:cuttoff: 3
DEBUG:root:aidx_fused: frozenset()
DEBUG:root:category: connection
DEBUG:root:shortest_path_between_frags: n=0 (1, 10)
DEBUG:root:IR_000: {0, 1, 10, 11, 12}
DEBUG:root:IR_001: {3, 4, 5, 6, 11, 12}
DEBUG:root:len(intermediary_rings)= 2
DEBUG:root:Iterating over remaining IR (new ids and will continue iteration only if subtype=edge):
DEBUG:root:IR_000: {0, 1, 10, 11, 12}
DEBUG:root:intersect_1: {0, 1, 12} (3), intersect_2: {10, 11} (2)
DEBUG:root:Classification: ctb
DEBUG:root:================================================================================
DEBUG:root:Now cleaning fragment combinations
DEBUG:root:Removing cutoff connections from fragment combinations
DEBUG:root:Number of remaining fragment combinations: 1/1
DEBUG:root:Removing substructures from fragment combinations
DEBUG:root:Number of substructures found in df_fcc: 0/1
DEBUG:root:Index(['idm', 'idf', 'idxf', 'aidxf', 'mol_perc', 'mol', 'mol_frag'], dtype='object')
DEBUG:root:================================================================================
DEBUG:root:Classifying m=cos, f1=QA:0, f2=QB:0
DEBUG:root:cuttoff: 3
DEBUG:root:aidx_fused: frozenset()
DEBUG:root:category: connection
DEBUG:root:shortest_path_between_frags: n=0 (15, 2)
DEBUG:root:IR_000: {0, 1, 2, 14, 15}
DEBUG:root:IR_001: {2, 7, 8, 9, 10, 15}
DEBUG:root:IR_002: {2, 3, 4, 12, 13, 14, 15}
DEBUG:root:len(intermediary_rings)= 3
DEBUG:root:Iterating over remaining IR (new ids and will continue iteration only if subtype=edge):
DEBUG:root:IR_000: {0, 1, 2, 14, 15}
DEBUG:root:intersect_1: {14, 15} (2), intersect_2: {2} (1)
DEBUG:root:Classification: cos
DEBUG:root:================================================================================
DEBUG:root:Now cleaning fragment combinations
DEBUG:root:Removing cutoff connections from fragment combinations
DEBUG:root:Number of remaining fragment combinations: 1/1
DEBUG:root:Removing substructures from fragment combinations
DEBUG:root:Number of substructures found in df_fcc: 0/1
DEBUG:root:Index(['idm', 'idf', 'idxf', 'aidxf', 'mol_perc', 'mol', 'mol_frag'], dtype='object')
DEBUG:root:================================================================================
DEBUG:root:Classifying m=cob, f1=QB:0, f2=QB:1
DEBUG:root:cuttoff: 3
DEBUG:root:aidx_fused: frozenset()
DEBUG:root:category: connection
DEBUG:root:shortest_path_between_frags: n=0 (15, 14)
DEBUG:root:IR_000: {0, 1, 2, 13, 14, 15}
DEBUG:root:IR_001: {6, 7, 8, 9, 14, 15}
DEBUG:root:IR_002: {0, 1, 2, 3, 11, 12, 13, 16}
DEBUG:root:IR_003: {2, 3, 9, 10, 11, 14, 15, 16}
DEBUG:root:IR_004: {2, 3, 11, 12, 13, 14, 15, 16}
DEBUG:root:IR to check with size=6: IR_000, IR_001
DEBUG:root:IR to check with size=8: IR_002, IR_003, IR_004
DEBUG:root:SSSR_000: {0, 1, 2, 13, 14, 15}
DEBUG:root:SSSR_001: {2, 3, 4, 5, 6, 15}
DEBUG:root:SSSR_002: {6, 7, 8, 9, 14, 15}
DEBUG:root:SSSR_003: {9, 10, 11, 12, 13, 14}
DEBUG:root:SSSR_004: {0, 1, 2, 3, 11, 12, 13, 16}
DEBUG:root:SSSR_005: {2, 3, 9, 10, 11, 14, 15, 16}
DEBUG:root:SSSR_006: {2, 3, 11, 12, 13, 14, 15, 16}
DEBUG:root:Comparing IR_000 and IR_001
DEBUG:root:Variant atom indices: {0, 1, 2, 6, 7, 8, 9, 13}
DEBUG:root:Possible combination: (0, 1, 0, 13)
DEBUG:root:Possible combination: (0, 1, 1, 2)
DEBUG:root:Possible combination: (0, 1, 6, 7)
DEBUG:root:Possible combination: (0, 1, 7, 8)
DEBUG:root:Possible combination: (0, 1, 8, 9)
DEBUG:root:Possible combination: (0, 13, 1, 2)
DEBUG:root:Possible combination: (0, 13, 6, 7)
DEBUG:root:Possible combination: (0, 13, 7, 8)
DEBUG:root:Possible combination: (0, 13, 8, 9)
DEBUG:root:Possible combination: (1, 2, 6, 7)
DEBUG:root:Possible combination: (1, 2, 7, 8)
DEBUG:root:Possible combination: (1, 2, 8, 9)
DEBUG:root:Possible combination: (6, 7, 7, 8)
DEBUG:root:Possible combination: (6, 7, 8, 9)
DEBUG:root:Possible combination: (7, 8, 8, 9)
DEBUG:root:IR to remove for n=6: 
DEBUG:root:Comparing IR_002 and IR_003
DEBUG:root:Variant atom indices: {0, 1, 9, 10, 12, 13, 14, 15}
DEBUG:root:Possible combination: (0, 1, 0, 13)
DEBUG:root:Possible combination: (0, 1, 9, 10)
DEBUG:root:Possible combination: (0, 1, 9, 14)
DEBUG:root:Possible combination: (0, 1, 12, 13)
DEBUG:root:Possible combination: (0, 1, 13, 14)
DEBUG:root:Possible combination: (0, 1, 14, 15)
DEBUG:root:Possible combination: (0, 13, 9, 10)
DEBUG:root:Possible combination: (0, 13, 9, 14)
DEBUG:root:Possible combination: (0, 13, 12, 13)
DEBUG:root:Possible combination: (0, 13, 13, 14)
DEBUG:root:Possible combination: (0, 13, 14, 15)
DEBUG:root:Possible combination: (9, 10, 9, 14)
DEBUG:root:Possible combination: (9, 10, 12, 13)
DEBUG:root:Possible combination: (9, 10, 13, 14)
DEBUG:root:Possible combination: (9, 10, 14, 15)
DEBUG:root:Possible combination: (9, 14, 12, 13)
DEBUG:root:Possible combination: (9, 14, 13, 14)
DEBUG:root:Possible combination: (9, 14, 14, 15)
DEBUG:root:Possible combination: (12, 13, 13, 14)
DEBUG:root:Possible combination: (12, 13, 14, 15)
DEBUG:root:Possible combination: (13, 14, 14, 15)
DEBUG:root:Comparing IR_002 and IR_004
DEBUG:root:Variant atom indices: {0, 1, 14, 15}
DEBUG:root:Possible combination: (0, 1, 14, 15)
DEBUG:root:All combinations were identified, IR_002 and IR_004 are equivalent
DEBUG:root:Comparing IR_003 and IR_004
DEBUG:root:Variant atom indices: {9, 10, 12, 13}
DEBUG:root:Possible combination: (9, 10, 12, 13)
DEBUG:root:All combinations were identified, IR_003 and IR_004 are equivalent
DEBUG:root:IR to remove for n=8: IR_003, IR_004, IR_002
DEBUG:root:All IR were detected equivalent, so keeping IR_002
DEBUG:root:Total IR to remove: IR_003, IR_004
DEBUG:root:Number of remaining_ir: 3
DEBUG:root:len(intermediary_rings)= 3
DEBUG:root:Iterating over remaining IR (new ids and will continue iteration only if subtype=edge):
DEBUG:root:IR_000: {0, 1, 2, 13, 14, 15}
DEBUG:root:intersect_1: {2, 15} (2), intersect_2: {13, 14} (2)
DEBUG:root:IR_001: {6, 7, 8, 9, 14, 15}
DEBUG:root:intersect_1: {6, 15} (2), intersect_2: {9, 14} (2)
DEBUG:root:IR_002: {0, 1, 2, 3, 11, 12, 13, 16}
DEBUG:root:intersect_1: {2, 3} (2), intersect_2: {11, 12, 13} (3)
DEBUG:root:Classification: cob
DEBUG:root:================================================================================
DEBUG:root:Now cleaning fragment combinations
DEBUG:root:Removing cutoff connections from fragment combinations
DEBUG:root:Number of remaining fragment combinations: 1/1
DEBUG:root:Removing substructures from fragment combinations
DEBUG:root:Number of substructures found in df_fcc: 0/1
DEBUG:root:Index(['idm', 'idf', 'idxf', 'aidxf', 'mol_perc', 'mol', 'mol_frag'], dtype='object')
DEBUG:root:================================================================================
DEBUG:root:Classifying m=ffs, f1=QA:0, f2=QF:0
DEBUG:root:cuttoff: 3
DEBUG:root:aidx_fused: frozenset({2, 3, 4, 5, 6})
DEBUG:root:Classification: ffs
DEBUG:root:================================================================================
DEBUG:root:Now cleaning fragment combinations
DEBUG:root:Removing cutoff connections from fragment combinations
DEBUG:root:Number of remaining fragment combinations: 1/1
DEBUG:root:Removing substructures from fragment combinations
DEBUG:root:Number of substructures found in df_fcc: 1/1
DEBUG:root:Substructure combinations:

   idm  fid1  fid2 abbrev
0  ffs  QA:0  QF:0    ffs

DEBUG:root:Determining what fragments should be removed:
DEBUG:root:ffs: QA:0 - QF:0 ==> fid_to_remove={'QA:0'}
DEBUG:root:Number of fragments combinations to remove: 1
DEBUG:root:Number of fragment combinations remaining: 0/1
DEBUG:root:Index(['idm', 'idf', 'idxf', 'aidxf', 'mol_perc', 'mol', 'mol_frag'], dtype='object')
DEBUG:root:================================================================================
DEBUG:root:Classifying m=cfc, f1=QA:0, f2=QB:0
DEBUG:root:cuttoff: 3
DEBUG:root:aidx_fused: frozenset()
DEBUG:root:category: connection
DEBUG:root:shortest_path_between_frags: n=4 (10, 9, 0, 1, 2, 3)
DEBUG:root:Classification: cfc (shortest_path_between_frags: 4 > 3)
DEBUG:root:================================================================================
DEBUG:root:Now cleaning fragment combinations
DEBUG:root:Removing cutoff connections from fragment combinations
DEBUG:root:Number of remaining fragment combinations: 0/1
DEBUG:root:Removing substructures from fragment combinations
DEBUG:root:Number of substructures found in df_fcc: 0/0
DEBUG:root:Index(['idm', 'idf', 'idxf', 'aidxf', 'mol_perc', 'mol', 'mol_frag'], dtype='object')
DEBUG:root:================================================================================
DEBUG:root:Classifying m=CHEMBL209576, f1=2:0, f2=32:0
DEBUG:root:cuttoff: 3
DEBUG:root:aidx_fused: frozenset({4, 5, 6, 7, 14, 15})
DEBUG:root:Classification: ffs
DEBUG:root:================================================================================
DEBUG:root:Classifying m=CHEMBL209576, f1=2:0, f2=32:1
DEBUG:root:cuttoff: 3
DEBUG:root:aidx_fused: frozenset()
DEBUG:root:category: connection
DEBUG:root:shortest_path_between_frags: n=0 (11, 16)
DEBUG:root:Classification: cmo
DEBUG:root:================================================================================
DEBUG:root:Classifying m=CHEMBL209576, f1=2:0, f2=320:0
DEBUG:root:cuttoff: 3
DEBUG:root:aidx_fused: frozenset({7, 8, 9, 11, 12, 14})
DEBUG:root:Classification: ffo
DEBUG:root:================================================================================
DEBUG:root:Classifying m=CHEMBL209576, f1=2:0, f2=328:0
DEBUG:root:cuttoff: 3
DEBUG:root:aidx_fused: frozenset({7, 8, 9, 11, 12, 14})
DEBUG:root:Classification: ffs
DEBUG:root:================================================================================
DEBUG:root:Classifying m=CHEMBL209576, f1=32:0, f2=32:1
DEBUG:root:cuttoff: 3
DEBUG:root:aidx_fused: frozenset()
DEBUG:root:category: connection
DEBUG:root:shortest_path_between_frags: n=2 (14, 12, 11, 16)
DEBUG:root:Classification: cmo
DEBUG:root:================================================================================
DEBUG:root:Classifying m=CHEMBL209576, f1=32:0, f2=320:0
DEBUG:root:cuttoff: 3
DEBUG:root:aidx_fused: frozenset({14, 7})
DEBUG:root:Classification: fed
DEBUG:root:================================================================================
DEBUG:root:Classifying m=CHEMBL209576, f1=32:0, f2=328:0
DEBUG:root:cuttoff: 3
DEBUG:root:aidx_fused: frozenset({14, 7})
DEBUG:root:Classification: fed
DEBUG:root:================================================================================
DEBUG:root:Classifying m=CHEMBL209576, f1=32:1, f2=320:0
DEBUG:root:cuttoff: 3
DEBUG:root:aidx_fused: frozenset()
DEBUG:root:category: connection
DEBUG:root:shortest_path_between_frags: n=0 (16, 11)
DEBUG:root:Classification: cmo
DEBUG:root:================================================================================
DEBUG:root:Classifying m=CHEMBL209576, f1=32:1, f2=328:0
DEBUG:root:cuttoff: 3
DEBUG:root:aidx_fused: frozenset()
DEBUG:root:category: connection
DEBUG:root:shortest_path_between_frags: n=0 (16, 11)
DEBUG:root:Classification: cmo
DEBUG:root:================================================================================
DEBUG:root:Classifying m=CHEMBL209576, f1=320:0, f2=328:0
DEBUG:root:cuttoff: 3
DEBUG:root:aidx_fused: frozenset({7, 8, 9, 11, 12, 14})
DEBUG:root:Classification: ffs
DEBUG:root:================================================================================
DEBUG:root:
Raw results for chembl_1:
            idm idf1 idxf1   fid1                        ...                                                     aidxf1                     aidxf2 hac                                               mol
0  CHEMBL209576    2     0    2:0                        ...                         (4, 5, 6, 7, 8, 9, 11, 12, 14, 15)       (4, 5, 6, 7, 14, 15)  22  <rdkit.Chem.rdchem.Mol object at 0x7fba6c041940>
1  CHEMBL209576    2     0    2:0                        ...                         (4, 5, 6, 7, 8, 9, 11, 12, 14, 15)   (16, 17, 18, 19, 20, 21)  22  <rdkit.Chem.rdchem.Mol object at 0x7fba6c041940>
2  CHEMBL209576    2     0    2:0                        ...                         (4, 5, 6, 7, 8, 9, 11, 12, 14, 15)  (7, 8, 9, 10, 11, 12, 14)  22  <rdkit.Chem.rdchem.Mol object at 0x7fba6c041940>
3  CHEMBL209576    2     0    2:0                        ...                         (4, 5, 6, 7, 8, 9, 11, 12, 14, 15)      (7, 8, 9, 11, 12, 14)  22  <rdkit.Chem.rdchem.Mol object at 0x7fba6c041940>
4  CHEMBL209576   32     0   32:0                        ...                                       (4, 5, 6, 7, 14, 15)   (16, 17, 18, 19, 20, 21)  22  <rdkit.Chem.rdchem.Mol object at 0x7fba6c041940>
5  CHEMBL209576   32     0   32:0                        ...                                       (4, 5, 6, 7, 14, 15)  (7, 8, 9, 10, 11, 12, 14)  22  <rdkit.Chem.rdchem.Mol object at 0x7fba6c041940>
6  CHEMBL209576   32     0   32:0                        ...                                       (4, 5, 6, 7, 14, 15)      (7, 8, 9, 11, 12, 14)  22  <rdkit.Chem.rdchem.Mol object at 0x7fba6c041940>
7  CHEMBL209576   32     1   32:1                        ...                                   (16, 17, 18, 19, 20, 21)  (7, 8, 9, 10, 11, 12, 14)  22  <rdkit.Chem.rdchem.Mol object at 0x7fba6c041940>
8  CHEMBL209576   32     1   32:1                        ...                                   (16, 17, 18, 19, 20, 21)      (7, 8, 9, 11, 12, 14)  22  <rdkit.Chem.rdchem.Mol object at 0x7fba6c041940>
9  CHEMBL209576  320     0  320:0                        ...                                  (7, 8, 9, 10, 11, 12, 14)      (7, 8, 9, 11, 12, 14)  22  <rdkit.Chem.rdchem.Mol object at 0x7fba6c041940>

[10 rows x 15 columns]

DEBUG:root:Now cleaning fragment combinations
DEBUG:root:Removing cutoff connections from fragment combinations
DEBUG:root:Number of remaining fragment combinations: 10/10
DEBUG:root:Removing substructures from fragment combinations
DEBUG:root:Number of substructures found in df_fcc: 3/10
DEBUG:root:Substructure combinations:

            idm   fid1   fid2 abbrev
0  CHEMBL209576    2:0   32:0    ffs
3  CHEMBL209576    2:0  328:0    ffs
9  CHEMBL209576  320:0  328:0    ffs

DEBUG:root:Determining what fragments should be removed:
DEBUG:root:CHEMBL209576: 2:0 - 32:0 ==> fid_to_remove={'32:0'}
DEBUG:root:CHEMBL209576: 2:0 - 328:0 ==> fid_to_remove={'32:0', '328:0'}
DEBUG:root:CHEMBL209576: 320:0 - 328:0 ==> fid_to_remove={'32:0', '328:0'}
DEBUG:root:Number of fragments combinations to remove: 7
DEBUG:root:Number of fragment combinations remaining: 3/10
DEBUG:root:
Clean results for chembl_1:
            idm idf1 idxf1  fid1                        ...                                                     aidxf1                     aidxf2 hac                                               mol
1  CHEMBL209576    2     0   2:0                        ...                         (4, 5, 6, 7, 8, 9, 11, 12, 14, 15)   (16, 17, 18, 19, 20, 21)  22  <rdkit.Chem.rdchem.Mol object at 0x7fba6c041940>
2  CHEMBL209576    2     0   2:0                        ...                         (4, 5, 6, 7, 8, 9, 11, 12, 14, 15)  (7, 8, 9, 10, 11, 12, 14)  22  <rdkit.Chem.rdchem.Mol object at 0x7fba6c041940>
7  CHEMBL209576   32     1  32:1                        ...                                   (16, 17, 18, 19, 20, 21)  (7, 8, 9, 10, 11, 12, 14)  22  <rdkit.Chem.rdchem.Mol object at 0x7fba6c041940>

[3 rows x 15 columns]

DEBUG:root:Mapping fragments
DEBUG:root:Number of overlaps found for molecule CHEMBL209576: 1
DEBUG:root:Highlighting the molecule #0:
DEBUG:root:Highlighting the molecule #1:
DEBUG:root:
DEBUG:root:Highlighting the molecule #0:
DEBUG:root:Highlighting the molecule #1:
DEBUG:root:
DEBUG:root:
Fragment map for chembl_1:
            idm fmid  nfrags                        ...                                                                  colormap          graph                                               mol
0  CHEMBL209576  001       2                        ...                         num_frags=2, num_atom_colors=2, num_bond_colors=2    (2:0, 32:1)  <rdkit.Chem.rdchem.Mol object at 0x7fba6bfae880>
1  CHEMBL209576  002       2                        ...                         num_frags=2, num_atom_colors=2, num_bond_colors=2  (32:1, 320:0)  <rdkit.Chem.rdchem.Mol object at 0x7fba6bf75148>

[2 rows x 17 columns]

DEBUG:root:
Substructure hits for chembl_2:
           idm   idf idxf                        ...                        mol_perc                                               mol                                          mol_frag
0  CHEMBL10006   678    0                        ...                            24.0  <rdkit.Chem.rdchem.Mol object at 0x7fba6c0414e0>  <rdkit.Chem.rdchem.Mol object at 0x7fba6c00dda0>
1  CHEMBL10006  1141    0                        ...                            45.0  <rdkit.Chem.rdchem.Mol object at 0x7fba6c0414e0>  <rdkit.Chem.rdchem.Mol object at 0x7fba6c00d940>

[2 rows x 7 columns]

DEBUG:root:Index(['idm', 'idf', 'idxf', 'aidxf', 'mol_perc', 'mol', 'mol_frag'], dtype='object')
DEBUG:root:================================================================================
DEBUG:root:Classifying m=CHEMBL10006, f1=678:0, f2=1141:0
DEBUG:root:cuttoff: 3
DEBUG:root:aidx_fused: frozenset({8, 24, 28})
DEBUG:root:Classification: fbr
DEBUG:root:================================================================================
DEBUG:root:Now cleaning fragment combinations
DEBUG:root:Removing cutoff connections from fragment combinations
DEBUG:root:Number of remaining fragment combinations: 1/1
DEBUG:root:Removing substructures from fragment combinations
DEBUG:root:Number of substructures found in df_fcc: 0/1
DEBUG:root:
Clean results for chembl_1:
           idm idf1 idxf1                        ...                                                                    aidxf2 hac                                               mol
0  CHEMBL10006  678     0                        ...                         (2, 3, 4, 5, 6, 7, 8, 24, 25, 26, 27, 28, 29, ...  33  <rdkit.Chem.rdchem.Mol object at 0x7fba6c0414e0>

[1 rows x 15 columns]

DEBUG:root:Mapping fragments
DEBUG:root:Highlighting the molecule #0:
DEBUG:root:Highlighting the molecule #1:
DEBUG:root:
DEBUG:root:
Fragment map for chembl_1:
           idm fmid  nfrags                        ...                                                                  colormap            graph                                               mol
0  CHEMBL10006  001       2                        ...                         num_frags=2, num_atom_colors=3, num_bond_colors=3  (678:0, 1141:0)  <rdkit.Chem.rdchem.Mol object at 0x7fba6c0414e0>

[1 rows x 17 columns]

